// Jest Snapshot v1, https://goo.gl/fbAQLP

exports[`Nav will match snapshot 1`] = `
<div>
  <div
    class="nav"
  >
    <a
      class="link"
      href="/homepage"
    >
      Home
       
    </a>
    <a
      class="link"
      href="/leaderboard"
    >
      Leaderboard
       
    </a>
    <a
      class="link"
      href="/new"
    >
      New
       
    </a>
    <a
      class="link"
      href="/answered"
    >
      Answered
       
    </a>
    <a
      class="link"
      href="/add"
    >
      Add Poll
       
    </a>
    <a
      class="link"
      href="/"
    >
      Logout
    </a>
  </div>
</div>
`;
