// Jest Snapshot v1, https://goo.gl/fbAQLP

exports[`PageNotFound matches snapshot 1`] = `
<div>
  <div
    class="page-not-found"
  >
    <div
      class="please-login-page"
    >
      <h3
        class="please-login"
      >
        Please Login to View Page
      </h3>
      <h1
        class="title"
      >
        Employee Polls
      </h1>
      <h2
        class="login"
      >
        Login
      </h2>
      <div
        class="login-field"
      >
        <div>
          <p
            class="username"
          >
            Username
          </p>
          <input
            class="login-input"
            data-testid="login-input"
            type="text"
            value=""
          />
          <p
            class="password"
          >
            Password
          </p>
          <input
            class="password-input"
            data-testid="password-input"
            type="password"
            value=""
          />
          <p>
            <button
              class="submit-button"
              data-testid="submit-button"
            >
              Login
            </button>
          </p>
        </div>
      </div>
    </div>
  </div>
</div>
`;
